
C:\Users\stanl\Documents\GitHub\Reader Helper\apps\client\src\presentation\contexts\ServiceContext.tsx
  46:14  error  Fast refresh only works when a file only exports components. Use a new file to share constants or functions between components  react-refresh/only-export-components

C:\Users\stanl\Documents\GitHub\Reader Helper\apps\client\src\presentation\features\controls\hooks\useStoryGeneration.ts
  45:25  warning  Unexpected any. Specify a different type  @typescript-eslint/no-explicit-any

C:\Users\stanl\Documents\GitHub\Reader Helper\apps\client\src\presentation\features\importer\hooks\useEpub.ts
  10:28  warning  Unexpected any. Specify a different type  @typescript-eslint/no-explicit-any

C:\Users\stanl\Documents\GitHub\Reader Helper\apps\client\src\presentation\features\learning-mode\components\setup\AnkiSetup.tsx
  28:26  error  'unknown' is defined but never used  @typescript-eslint/no-unused-vars

C:\Users\stanl\Documents\GitHub\Reader Helper\apps\client\src\presentation\features\reader\hooks\useReaderInteractions.ts
   27:13  warning  Unexpected any. Specify a different type  @typescript-eslint/no-explicit-any
   53:13  warning  Unexpected any. Specify a different type  @typescript-eslint/no-explicit-any
  168:5   error    'sourceLang' is defined but never used    @typescript-eslint/no-unused-vars

C:\Users\stanl\Documents\GitHub\Reader Helper\apps\client\src\presentation\features\reader\hooks\useTokenLayout.ts
  4:31  warning  Unexpected any. Specify a different type  @typescript-eslint/no-explicit-any
  5:36  warning  Unexpected any. Specify a different type  @typescript-eslint/no-explicit-any
  6:40  warning  Unexpected any. Specify a different type  @typescript-eslint/no-explicit-any

C:\Users\stanl\Documents\GitHub\Reader Helper\apps\client\src\presentation\features\reader\hooks\useVisualSplits.ts
  113:8  warning  React Hook useLayoutEffect has a missing dependency: 'textAreaRef'. Either include it or remove the dependency array  react-hooks/exhaustive-deps

C:\Users\stanl\Documents\GitHub\Reader Helper\apps\client\src\presentation\features\reader\store\slices\richDetailsSlice.ts
   80:25  warning  Unexpected any. Specify a different type  @typescript-eslint/no-explicit-any
  140:25  warning  Unexpected any. Specify a different type  @typescript-eslint/no-explicit-any

C:\Users\stanl\Documents\GitHub\Reader Helper\apps\client\src\presentation\features\reader\store\slices\translationSlice.ts
  110:25  warning  Unexpected any. Specify a different type  @typescript-eslint/no-explicit-any

C:\Users\stanl\Documents\GitHub\Reader Helper\apps\client\src\presentation\features\reader\store\useTranslationStore.ts
  51:18  warning  Unexpected any. Specify a different type  @typescript-eslint/no-explicit-any

C:\Users\stanl\Documents\GitHub\Reader Helper\apps\client\src\presentation\features\word-manager\store\useWordsStore.ts
  60:67  warning  Unexpected any. Specify a different type  @typescript-eslint/no-explicit-any
  61:38  warning  Unexpected any. Specify a different type  @typescript-eslint/no-explicit-any
  62:38  warning  Unexpected any. Specify a different type  @typescript-eslint/no-explicit-any

Γ£û 18 problems (3 errors, 15 warnings)

